# Test to see if the values of the edges become rounded
# and if the total cost also becomes rounded.

created graph simpleGraph

added node A to simpleGraph
added node B to simpleGraph
added node C to simpleGraph
added node D to simpleGraph

added edge 2.335 from A to B in simpleGraph
added edge 1.047 from A to C in simpleGraph
added edge 4.658 from C to D in simpleGraph
added edge 1.124 from D to B in simpleGraph

path from A to D:
A to C with weight 1.047
C to D with weight 4.658
total cost: 5.704